------------------------------------------------------------
Timing Analyzer Summary
------------------------------------------------------------

Type  : Slow 1200mV 85C Model Setup 'c1|altpll_component|auto_generated|pll1|clk[1]'
Slack : -11.139
TNS   : -590.796

Type  : Slow 1200mV 85C Model Setup 'c1|altpll_component|auto_generated|pll1|clk[0]'
Slack : -2.859
TNS   : -8.120

Type  : Slow 1200mV 85C Model Hold 'c1|altpll_component|auto_generated|pll1|clk[1]'
Slack : 0.446
TNS   : 0.000

Type  : Slow 1200mV 85C Model Hold 'c1|altpll_component|auto_generated|pll1|clk[0]'
Slack : 0.694
TNS   : 0.000

Type  : Slow 1200mV 85C Model Minimum Pulse Width 'c1|altpll_component|auto_generated|pll1|clk[1]'
Slack : 3.455
TNS   : 0.000

Type  : Slow 1200mV 85C Model Minimum Pulse Width 'CLK'
Slack : 9.934
TNS   : 0.000

Type  : Slow 1200mV 85C Model Minimum Pulse Width 'c1|altpll_component|auto_generated|pll1|clk[0]'
Slack : 19.580
TNS   : 0.000

Type  : Slow 1200mV 0C Model Setup 'c1|altpll_component|auto_generated|pll1|clk[1]'
Slack : -9.789
TNS   : -504.460

Type  : Slow 1200mV 0C Model Setup 'c1|altpll_component|auto_generated|pll1|clk[0]'
Slack : -2.591
TNS   : -7.282

Type  : Slow 1200mV 0C Model Hold 'c1|altpll_component|auto_generated|pll1|clk[1]'
Slack : 0.399
TNS   : 0.000

Type  : Slow 1200mV 0C Model Hold 'c1|altpll_component|auto_generated|pll1|clk[0]'
Slack : 0.627
TNS   : 0.000

Type  : Slow 1200mV 0C Model Minimum Pulse Width 'c1|altpll_component|auto_generated|pll1|clk[1]'
Slack : 3.428
TNS   : 0.000

Type  : Slow 1200mV 0C Model Minimum Pulse Width 'CLK'
Slack : 9.943
TNS   : 0.000

Type  : Slow 1200mV 0C Model Minimum Pulse Width 'c1|altpll_component|auto_generated|pll1|clk[0]'
Slack : 19.580
TNS   : 0.000

Type  : Fast 1200mV 0C Model Setup 'c1|altpll_component|auto_generated|pll1|clk[1]'
Slack : -0.616
TNS   : -10.815

Type  : Fast 1200mV 0C Model Setup 'c1|altpll_component|auto_generated|pll1|clk[0]'
Slack : -0.585
TNS   : -1.566

Type  : Fast 1200mV 0C Model Hold 'c1|altpll_component|auto_generated|pll1|clk[1]'
Slack : 0.186
TNS   : 0.000

Type  : Fast 1200mV 0C Model Hold 'c1|altpll_component|auto_generated|pll1|clk[0]'
Slack : 0.267
TNS   : 0.000

Type  : Fast 1200mV 0C Model Minimum Pulse Width 'c1|altpll_component|auto_generated|pll1|clk[1]'
Slack : 3.526
TNS   : 0.000

Type  : Fast 1200mV 0C Model Minimum Pulse Width 'CLK'
Slack : 9.594
TNS   : 0.000

Type  : Fast 1200mV 0C Model Minimum Pulse Width 'c1|altpll_component|auto_generated|pll1|clk[0]'
Slack : 19.663
TNS   : 0.000

------------------------------------------------------------
