------------------------------------------------------------
Timing Analyzer Summary
------------------------------------------------------------

Type  : Slow 1200mV 85C Model Setup 'c1|altpll_component|auto_generated|pll1|clk[1]'
Slack : 0.869
TNS   : 0.000

Type  : Slow 1200mV 85C Model Setup 'c1|altpll_component|auto_generated|pll1|clk[0]'
Slack : 33.983
TNS   : 0.000

Type  : Slow 1200mV 85C Model Hold 'c1|altpll_component|auto_generated|pll1|clk[1]'
Slack : 0.453
TNS   : 0.000

Type  : Slow 1200mV 85C Model Hold 'c1|altpll_component|auto_generated|pll1|clk[0]'
Slack : 0.517
TNS   : 0.000

Type  : Slow 1200mV 85C Model Minimum Pulse Width 'c1|altpll_component|auto_generated|pll1|clk[1]'
Slack : 3.477
TNS   : 0.000

Type  : Slow 1200mV 85C Model Minimum Pulse Width 'CLK'
Slack : 9.934
TNS   : 0.000

Type  : Slow 1200mV 85C Model Minimum Pulse Width 'c1|altpll_component|auto_generated|pll1|clk[0]'
Slack : 19.583
TNS   : 0.000

Type  : Slow 1200mV 0C Model Setup 'c1|altpll_component|auto_generated|pll1|clk[1]'
Slack : 1.294
TNS   : 0.000

Type  : Slow 1200mV 0C Model Setup 'c1|altpll_component|auto_generated|pll1|clk[0]'
Slack : 34.209
TNS   : 0.000

Type  : Slow 1200mV 0C Model Hold 'c1|altpll_component|auto_generated|pll1|clk[1]'
Slack : 0.401
TNS   : 0.000

Type  : Slow 1200mV 0C Model Hold 'c1|altpll_component|auto_generated|pll1|clk[0]'
Slack : 0.475
TNS   : 0.000

Type  : Slow 1200mV 0C Model Minimum Pulse Width 'c1|altpll_component|auto_generated|pll1|clk[1]'
Slack : 3.477
TNS   : 0.000

Type  : Slow 1200mV 0C Model Minimum Pulse Width 'CLK'
Slack : 9.943
TNS   : 0.000

Type  : Slow 1200mV 0C Model Minimum Pulse Width 'c1|altpll_component|auto_generated|pll1|clk[0]'
Slack : 19.582
TNS   : 0.000

Type  : Fast 1200mV 0C Model Setup 'c1|altpll_component|auto_generated|pll1|clk[1]'
Slack : 4.591
TNS   : 0.000

Type  : Fast 1200mV 0C Model Setup 'c1|altpll_component|auto_generated|pll1|clk[0]'
Slack : 37.257
TNS   : 0.000

Type  : Fast 1200mV 0C Model Hold 'c1|altpll_component|auto_generated|pll1|clk[1]'
Slack : 0.186
TNS   : 0.000

Type  : Fast 1200mV 0C Model Hold 'c1|altpll_component|auto_generated|pll1|clk[0]'
Slack : 0.207
TNS   : 0.000

Type  : Fast 1200mV 0C Model Minimum Pulse Width 'c1|altpll_component|auto_generated|pll1|clk[1]'
Slack : 3.554
TNS   : 0.000

Type  : Fast 1200mV 0C Model Minimum Pulse Width 'CLK'
Slack : 9.594
TNS   : 0.000

Type  : Fast 1200mV 0C Model Minimum Pulse Width 'c1|altpll_component|auto_generated|pll1|clk[0]'
Slack : 19.663
TNS   : 0.000

------------------------------------------------------------
