------------------------------------------------------------
Timing Analyzer Summary
------------------------------------------------------------

Type  : Slow 1200mV 85C Model Setup 'c1|altpll_component|auto_generated|pll1|clk[1]'
Slack : -1.409
TNS   : -10.600

Type  : Slow 1200mV 85C Model Setup 'c1|altpll_component|auto_generated|pll1|clk[0]'
Slack : -0.617
TNS   : -1.191

Type  : Slow 1200mV 85C Model Hold 'c1|altpll_component|auto_generated|pll1|clk[1]'
Slack : 0.452
TNS   : 0.000

Type  : Slow 1200mV 85C Model Hold 'c1|altpll_component|auto_generated|pll1|clk[0]'
Slack : 0.526
TNS   : 0.000

Type  : Slow 1200mV 85C Model Minimum Pulse Width 'c1|altpll_component|auto_generated|pll1|clk[1]'
Slack : 3.455
TNS   : 0.000

Type  : Slow 1200mV 85C Model Minimum Pulse Width 'CLK'
Slack : 9.934
TNS   : 0.000

Type  : Slow 1200mV 85C Model Minimum Pulse Width 'c1|altpll_component|auto_generated|pll1|clk[0]'
Slack : 19.585
TNS   : 0.000

Type  : Slow 1200mV 0C Model Setup 'c1|altpll_component|auto_generated|pll1|clk[1]'
Slack : -0.805
TNS   : -3.211

Type  : Slow 1200mV 0C Model Setup 'c1|altpll_component|auto_generated|pll1|clk[0]'
Slack : -0.518
TNS   : -0.991

Type  : Slow 1200mV 0C Model Hold 'c1|altpll_component|auto_generated|pll1|clk[1]'
Slack : 0.401
TNS   : 0.000

Type  : Slow 1200mV 0C Model Hold 'c1|altpll_component|auto_generated|pll1|clk[0]'
Slack : 0.485
TNS   : 0.000

Type  : Slow 1200mV 0C Model Minimum Pulse Width 'c1|altpll_component|auto_generated|pll1|clk[1]'
Slack : 3.431
TNS   : 0.000

Type  : Slow 1200mV 0C Model Minimum Pulse Width 'CLK'
Slack : 9.943
TNS   : 0.000

Type  : Slow 1200mV 0C Model Minimum Pulse Width 'c1|altpll_component|auto_generated|pll1|clk[0]'
Slack : 19.581
TNS   : 0.000

Type  : Fast 1200mV 0C Model Setup 'c1|altpll_component|auto_generated|pll1|clk[0]'
Slack : 0.330
TNS   : 0.000

Type  : Fast 1200mV 0C Model Setup 'c1|altpll_component|auto_generated|pll1|clk[1]'
Slack : 3.711
TNS   : 0.000

Type  : Fast 1200mV 0C Model Hold 'c1|altpll_component|auto_generated|pll1|clk[1]'
Slack : 0.186
TNS   : 0.000

Type  : Fast 1200mV 0C Model Hold 'c1|altpll_component|auto_generated|pll1|clk[0]'
Slack : 0.219
TNS   : 0.000

Type  : Fast 1200mV 0C Model Minimum Pulse Width 'c1|altpll_component|auto_generated|pll1|clk[1]'
Slack : 3.533
TNS   : 0.000

Type  : Fast 1200mV 0C Model Minimum Pulse Width 'CLK'
Slack : 9.594
TNS   : 0.000

Type  : Fast 1200mV 0C Model Minimum Pulse Width 'c1|altpll_component|auto_generated|pll1|clk[0]'
Slack : 19.664
TNS   : 0.000

------------------------------------------------------------
